2026-07-29T11:09:54.060Z FIND Found epoch range to explore:  1005 1009
2026-07-29T11:09:54.062Z FIND Found delinquent validators [ '6BUqzA7GtQJ3qZXHrViMSGFdXNvrbcD56Png1mNRqGN6' ]
2026-07-29T11:09:54.063Z FIND Found reference validator CcaHc2L43ZWjwCHART3oZoJvHLAe9hzT2DJNUpBzoTN1
2026-07-29T11:09:54.336Z STAKES Found:  24  accounts for delinquent validator 6BUqzA7GtQJ3qZXHrViMSGFdXNvrbcD56Png1mNRqGN6
2026-07-29T11:09:54.336Z STAKES Stake account 6H1AE5PKBYwud46y3es3s2ZAqUGZchiTZg8UbnYQqhW is de-activating:  3.555112962
2026-07-29T11:09:54.337Z STAKES Stake account a4GGCenwfUymMx2PHQ7TLkGPgaDHiL9Tfu8YprmZRdT is de-activating:  307.23301354
2026-07-29T11:09:54.337Z STAKES Stake account 33oquRqJwrZ8kPB3CaTKmceVrjtjChgjMDfc75GqXMsW is de-activating:  0.129975783
2026-07-29T11:09:54.337Z STAKES Stake account 3VgmaLdzcmDVkMbPa76FY1LxBHZxUhd3HbCJRYfZ4FiE is de-activated:  6.206157669
2026-07-29T11:09:54.337Z STAKES Stake account 3ocLnuQemfNV2cC5EnjqrmyTMsoen5yaYu5Sp5aGw7KS is de-activated:  1.00228288
2026-07-29T11:09:54.337Z STAKES Stake account 4BGJPeNPcVHLv56miHPQMZpLqATicQhPMj2iLh1utbRd is de-activated:  0.002524839
2026-07-29T11:09:54.338Z STAKES Stake account 4mJfAkxN32cYhp37XBRxXjoWroLDyHqm8SBeDyT6fEZR is de-activating:  0.003367149
2026-07-29T11:09:54.338Z STAKES Stake account 5uvgP47QHo7DyYDv3WAn2owYa82yNwJi8dPmxXMVLEEF is de-activating:  22.883074711
2026-07-29T11:09:54.338Z STAKES Stake account 5yD2TXZVnZotjaJ9A3mLVMfvnBs18MeNqseREHNnNnoZ is de-activating:  2.352431774
2026-07-29T11:09:54.338Z STAKES Stake account 83QC5aBULGL4DRehLGPBLHRacJoFrUeW52E9GzriJRGQ is de-activating:  72.372181101
2026-07-29T11:09:54.338Z STAKES Stake account 8b27esBjgNR51t9zxkX6DvnQZSuC4qFPrcg7DS4fFeKR is de-activating:  6.017262862
2026-07-29T11:09:54.340Z STAKES Stake account 96k8rQw7nNiFe1f1H76N9hv6PvTfQfSbtWkeWy62YffC is activating:  1.002461808
2026-07-29T11:09:54.340Z STAKES Stake account AZceNL9jXNqqUnPhFKJPmpE1iKTg1pQKkymATjR3PLHT is de-activating:  2.237034179
2026-07-29T11:09:54.340Z STAKES Stake account BNnArd9ghigi3Z5jxHaAgn1oDHX6dKqSvFcjJKpNdrAW is de-activating:  8.197795144
2026-07-29T11:09:54.340Z STAKES Stake account BVbekm8c4jCfKVVy4suyC6vCZCS6CCRfr7v8XsiinEnn is de-activating:  204.822769959
2026-07-29T11:09:54.340Z STAKES Stake account Bx98b72ojz1ggh7cKVXTGZMCy6DYckJfC27FKbdfuDcP is de-activating:  6.116328226
2026-07-29T11:09:54.340Z STAKES Stake account CHVjNYTntDXMi1G54DzUy37qm4Xf3BhdWWRmEj786EpN is de-activating:  21.158401089
2026-07-29T11:09:54.341Z STAKES Stake account CdS8EEQgw7Qq3mt2BQURtYms1QEbTAYEU4gKadg8Avj2 is de-activating:  110.359567616
2026-07-29T11:09:54.341Z STAKES Stake account DDc85MpBhLjhtzPADLaSDGTJoX33wQZ7Zf2Wu12MNutM is de-activated:  0.002405915
2026-07-29T11:09:54.341Z STAKES Stake account DMvvPsSkSakRBB3Scp3iZipsuq1HbCV2KL9pBbvqGeXc is de-activated:  0.043706157
2026-07-29T11:09:54.341Z STAKES Stake account DbZNRxXuT8M4KG4D4vB5UwwnRBzm6SyDPc8qctmQ23rC is de-activating:  1.183606481
2026-07-29T11:09:54.341Z STAKES Stake account F9uMbp3MTZpq5FiGCKWcDbsfP5FjZoZAvRyQ6tXnZhSk is de-activating:  5.835804501
2026-07-29T11:09:54.341Z STAKES Stake account GUc6VCPHWP77HrD7uZBDSSMkaJQkPR5ERbsoT32wvkQC is de-activating:  1.003516465
2026-07-29T11:09:54.341Z STAKES Stake account HkHc5NCzXL9rQ3jfGWcyTj2QoY6Xy5oxj1cUKY3bEyVA is de-activating:  1.075975617
2026-07-29T11:09:54.341Z STAKES Found:  1  accounts that can be de-activated delinquent validator 6BUqzA7GtQJ3qZXHrViMSGFdXNvrbcD56Png1mNRqGN6
2026-07-29T11:09:54.370Z DEACTIVATE Blockhash: 4q1pMN555BfsGMsjgjCNFePneFv3HYRZGmMzuiR9osZH
2026-07-29T11:09:54.434Z DEACTIVATE Sent tx: 49nx92t3SKLtHkLc1E8WsgtVZXURN47BFNL12UPfXRE931TGWQ6NqNzgkj8fepEqnEocwY6QL24U5WSeTTQz7pJs https://explorer.solana.com/tx/49nx92t3SKLtHkLc1E8WsgtVZXURN47BFNL12UPfXRE931TGWQ6NqNzgkj8fepEqnEocwY6QL24U5WSeTTQz7pJs
2026-07-29T11:09:54.539Z DEACTIVATE Waiting for confirmations...
2026-07-29T11:10:08.326Z DEACTIVATE Confirmed.
2026-07-29T11:10:08.326Z FIND Deactivated stake accounts with total balance:
2026-07-29T11:10:08.326Z FIND Total de-activated: 1.002461808
